// Jest Snapshot v1, https://goo.gl/fbAQLP

exports[`InfoBox renders correctly 1`] = `
<div
  className="talk-plugin-infobox-info "
>
  <div
    dangerouslySetInnerHTML={
      Object {
        "__html": "<p>test</p>
",
      }
    }
  />
</div>
`;
